
======================================================================
  TANTRA LIVE INTELLIGENCE CONSOLE
======================================================================

  Pipeline: Signal -> Intelligence -> Ranking -> Decision -> Enforcement -> Truth
  Mode:     LIVE EXECUTION WITH FULL VISIBILITY


  +------------------------------------------------------------------+
  |  INPUT CONTRACT                                                  |
  +------------------------------------------------------------------+

    {
        "trace_id": "TRACE_123",
        "signal": {
            "dataset": "crop_yield.csv"
        }
    }


----------------------------------------------------------------------
  STEP 1 -- INPUT RECEIVED
----------------------------------------------------------------------
  TRACE_ID: TRACE_123
  Dataset: crop_yield.csv

----------------------------------------------------------------------
  STEP 2 -- DATA NORMALIZED
----------------------------------------------------------------------
  TRACE_ID: TRACE_123
  Rows: 1000000
  Columns: ['Region', 'Soil_Type', 'Crop', 'Rainfall_mm', 'Temperature_Celsius', 'Fertilizer_Used', 'Irrigation_Used', 'Weather_Condition', 'Days_to_Harvest', 'Yield_tons_per_hectare']

----------------------------------------------------------------------
  STEP 3 -- FEATURES GENERATED
----------------------------------------------------------------------
  TRACE_ID: TRACE_123
  Features: rainfall_score, temp_score, irrigation_score, fertilizer_score, yield_efficiency

----------------------------------------------------------------------
  STEP 4 -- SCORES COMPUTED
----------------------------------------------------------------------
  TRACE_ID: TRACE_123

  +------------------------------------------------------------------+
  |  ALL ENTITY OUTPUTS                                              |
  +------------------------------------------------------------------+

  [1] North
      Score: 0.593
      Confidence: 0.693
      Top Factors:
        rainfall             weight=0.25  raw=0.6605  contribution=0.165  [################....]
        temperature          weight=0.2  raw=0.7398  contribution=0.148  [##############......]
        irrigation           weight=0.2  raw=0.7498  contribution=0.15  [###############.....]
        fertilizer           weight=0.15  raw=0.7998  contribution=0.12  [############........]
        yield_efficiency     weight=0.2  raw=0.0477  contribution=0.01  [#...................]
      Explanation: North achieved score 0.593 due to balanced rainfall, temperature, irrigation and yield efficiency

  [2] East
      Score: 0.592
      Confidence: 0.692
      Top Factors:
        rainfall             weight=0.25  raw=0.6589  contribution=0.165  [################....]
        temperature          weight=0.2  raw=0.7399  contribution=0.148  [##############......]
        irrigation           weight=0.2  raw=0.7497  contribution=0.15  [###############.....]
        fertilizer           weight=0.15  raw=0.7999  contribution=0.12  [############........]
        yield_efficiency     weight=0.2  raw=0.0475  contribution=0.01  [#...................]
      Explanation: East achieved score 0.592 due to balanced rainfall, temperature, irrigation and yield efficiency

  [3] South
      Score: 0.592
      Confidence: 0.692
      Top Factors:
        rainfall             weight=0.25  raw=0.6597  contribution=0.165  [################....]
        temperature          weight=0.2  raw=0.7401  contribution=0.148  [##############......]
        irrigation           weight=0.2  raw=0.7494  contribution=0.15  [###############.....]
        fertilizer           weight=0.15  raw=0.8002  contribution=0.12  [############........]
        yield_efficiency     weight=0.2  raw=0.0476  contribution=0.01  [#...................]
      Explanation: South achieved score 0.592 due to balanced rainfall, temperature, irrigation and yield efficiency

  [4] West
      Score: 0.592
      Confidence: 0.692
      Top Factors:
        rainfall             weight=0.25  raw=0.6597  contribution=0.165  [################....]
        temperature          weight=0.2  raw=0.7393  contribution=0.148  [##############......]
        irrigation           weight=0.2  raw=0.75  contribution=0.15  [###############.....]
        fertilizer           weight=0.15  raw=0.8001  contribution=0.12  [############........]
        yield_efficiency     weight=0.2  raw=0.0476  contribution=0.01  [#...................]
      Explanation: West achieved score 0.592 due to balanced rainfall, temperature, irrigation and yield efficiency


----------------------------------------------------------------------
  STEP 5 -- RANKING GENERATED
----------------------------------------------------------------------
  TRACE_ID: TRACE_123

  +------------------------------------------------------------------+
  |  RANKING BOARD                                                   |
  +------------------------------------------------------------------+

    1. North        -- 0.593 <-- HIGHEST
    2. East         -- 0.592
    3. South        -- 0.592
    4. West         -- 0.592 <-- LOWEST


  +------------------------------------------------------------------+
  |  COMPARATIVE EXPLANATION                                         |
  +------------------------------------------------------------------+

    BEST:  North (score=0.593)
    Strengths: marginal overall advantage across all factors

    WORST: West (score=0.592)

    WHY: North ranks highest due to marginal overall advantage.
    WHY: West ranks lowest due to marginally lower scores across all factors.


  +------------------------------------------------------------------+
  |  SCENARIO SIMULATION                                             |
  +------------------------------------------------------------------+

    Scenario: Scenario A: +10% Rainfall
    Description: Simulate 10% increase in rainfall across all regions

    BEFORE                         AFTER                         
python : Traceback (most recent call last):
At line:1 char:40
+ ... ksh\Downloads\TASK 5" ; python test.py > test_output.log 2>&1 ; $LAST ...
+                             ~~~~~~~~~~~~~~~~~~~~~~~~~~~~~~~~~~~~~
    + CategoryInfo          : NotSpecified: (Traceback (most recent call last) 
   ::String) [], RemoteException
    + FullyQualifiedErrorId : NativeCommandError
 
  File "C:\Users\saksh\Downloads\TASK 5\test.py", line 191, in <module>
    main()
    ~~~~^^
  File "C:\Users\saksh\Downloads\TASK 5\test.py", line 167, in main
    run_failure_demo()
    ~~~~~~~~~~~~~~~~^^
  File "C:\Users\saksh\Downloads\TASK 5\test.py", line 62, in run_failure_demo
    print("  \u2500\u2500 Test A: Missing signal \u2500\u2500")
    ~~~~~^^^^^^^^^^^^^^^^^^^^^^^^^^^^^^^^^^
  File "C:\Users\saksh\Downloads\TASK 5\test.py", line 162, in <lambda>
    'write': lambda self, s: (old_stdout.write(s), captured.write(s)),
                              ~~~~~~~~~~~~~~~~^^^
  File "C:\Python314\Lib\encodings\cp1252.py", line 19, in encode
    return codecs.charmap_encode(input,self.errors,encoding_table)[0]
           ~~~~~~~~~~~~~~~~~~~~~^^^^^^^^^^^^^^^^^^^^^^^^^^^^^^^^^^
UnicodeEncodeError: 'charmap' codec can't encode characters in position 2-3: 
character maps to <undefined>
    ----------------------------   ----------------------------
    1. North                       1. East                        <-- CHANGED
    2. East                        2. North                       <-- CHANGED
    3. South                       3. South                      
    4. West                        4. West                       


    Scenario: Scenario B: -2░C Temperature
    Description: Simulate 2C decrease in temperature across all regions

    BEFORE                         AFTER                         
    ----------------------------   ----------------------------
    1. North                       1. East                        <-- CHANGED
    2. East                        2. North                       <-- CHANGED
    3. South                       3. South                      
    4. West                        4. West                       


----------------------------------------------------------------------
  STEP 6 -- CORE DECISION GENERATED
----------------------------------------------------------------------
  TRACE_ID: TRACE_123

  +------------------------------------------------------------------+
  |  CORE DECISION LOGIC                                             |
  +------------------------------------------------------------------+

    Selection Rule:      highest_ranked_region_selected
    Selected Entity:     North
    Selected Score:      0.593
    Selected Confidence: 0.693
    Priority:            medium
    Priority Reason:     Score >= 0.4: medium priority ù schedule for next cycle
    Runner-up:           East
    Margin:              0.001

    All Candidates:
      North        score=0.593  confidence=0.693 <-- SELECTED
      East         score=0.592  confidence=0.692
      South        score=0.592  confidence=0.692
      West         score=0.592  confidence=0.692

    Reasoning: Selection rule: 'highest_ranked_region_selected'. North is the top-ranked entity with score 0.593. Runner-up is East with score 0.592 (margin: 0.001). Assigned priority: medium.


----------------------------------------------------------------------
  STEP 7 -- ENFORCEMENT ACTION GENERATED
----------------------------------------------------------------------
  TRACE_ID: TRACE_123

  +------------------------------------------------------------------+
  |  ENFORCEMENT ACTION                                              |
  +------------------------------------------------------------------+

    Action:           prioritize_irrigation
    Target:           North
    Enforcement Type: scheduled_allocation
    Priority:         medium
    Urgency:          next_cycle

    Directives:
      [DIR-001-North] prioritize_irrigation -> North (status: pending)
      [DIR-002-North] allocate_fertilizer -> North (status: pending)
      [DIR-003-North] deploy_monitoring -> North (status: pending)

    Rationale: Based on core decision: North selected with priority 'medium'. Enforcement type: scheduled_allocation. Three directives issued covering irrigation, fertilizer, and monitoring.


----------------------------------------------------------------------
  STEP 8 -- FINAL TRUTH OUTPUT STORED
----------------------------------------------------------------------
  TRACE_ID: TRACE_123

  +------------------------------------------------------------------+
  |  FINAL TRUTH RECORD                                              |
  +------------------------------------------------------------------+

    {
      "verdict": "PIPELINE_COMPLETE",
      "selected_entity": "North",
      "selected_score": 0.593,
      "enforcement_action": "prioritize_irrigation",
      "enforcement_target": "North",
      "pipeline_hash": "12e19b916e68a23992dee039757292ac76a4eb96a678783506340b1b97035e99",
      "chain_integrity": "VERIFIED \u2014 SHA-256 hash computed over full chain",
      "trace_continuity": "PASS \u2014 trace_id identical across all stages",
      "stages_completed": [
        "input",
        "sanskar",
        "core",
        "enforcement",
        "truth"
      ],
      "summary": "TANTRA pipeline completed successfully. Entity 'North' selected with score 0.593. Enforcement action 'prioritize_irrigation' issued targeting 'North' region. Trace TRACE_123 preserved across all 5 stages."
    }

  [SAVED] full_chain_output.json
  [SAVED] stage_sanskar.json
  [SAVED] stage_core.json
  [SAVED] stage_enforcement.json
  [SAVED] stage_truth.json
  [SAVED] trace_continuity_proof.json

======================================================================
  TRACE CONTINUITY VERIFICATION
======================================================================

  Expected trace_id: TRACE_123
  Stage 'input': trace_id=TRACE_123 -> MATCH
  Stage 'sanskar': trace_id=TRACE_123 -> MATCH
  Stage 'core': trace_id=TRACE_123 -> MATCH
  Stage 'enforcement': trace_id=TRACE_123 -> MATCH

  Verdict: PASS ù trace_id identical across all stages

======================================================================
  FAILURE DEMONSTRATION
======================================================================

  Testing pipeline resilience with invalid input.
  System must: NOT crash, print structured error, preserve trace_id.

